// Jest Snapshot v1, https://goo.gl/fbAQLP

exports[`snapshot test - with todos 1`] = `
<div
  className="todolists"
>
  <article
    className="todolist"
  >
    <header>
      Pending todos
    </header>
    <ul />
    <footer>
      list footer
    </footer>
  </article>
  <article
    className="todolist"
  >
    <header>
      Done todos
    </header>
    <ul />
    <footer>
      list footer
    </footer>
  </article>
</div>
`;

exports[`snapshot test - without none-json resonse 1`] = `
<div
  className="todolists"
>
  <article
    className="todolist"
  >
    <header>
      Pending todos
    </header>
    <ul />
    <footer>
      list footer
    </footer>
  </article>
  <article
    className="todolist"
  >
    <header>
      Done todos
    </header>
    <ul />
    <footer>
      list footer
    </footer>
  </article>
</div>
`;

exports[`snapshot test - without none-ok response 1`] = `
<div
  className="todolists"
>
  <article
    className="todolist"
  >
    <header>
      Pending todos
    </header>
    <ul />
    <footer>
      list footer
    </footer>
  </article>
  <article
    className="todolist"
  >
    <header>
      Done todos
    </header>
    <ul />
    <footer>
      list footer
    </footer>
  </article>
</div>
`;

exports[`snapshot test - without todos 1`] = `
<div
  className="todolists"
>
  <article
    className="todolist"
  >
    <header>
      Pending todos
    </header>
    <ul />
    <footer>
      list footer
    </footer>
  </article>
  <article
    className="todolist"
  >
    <header>
      Done todos
    </header>
    <ul />
    <footer>
      list footer
    </footer>
  </article>
</div>
`;
